Name,Population,Area
Russia,143400000,17075200
USA,295700000,9629091
France,68860000,549190
Japan,127400000,377835